Component: ARM Compiler 5.05 update 1 (build 106) Tool: armlink [4d0efa]

==============================================================================

Section Cross References

    startup_nano100series.o(STACK) refers (Special) to heapauxi.o(.text) for __use_two_region_memory
    startup_nano100series.o(HEAP) refers (Special) to heapauxi.o(.text) for __use_two_region_memory
    startup_nano100series.o(RESET) refers (Special) to heapauxi.o(.text) for __use_two_region_memory
    startup_nano100series.o(RESET) refers to startup_nano100series.o(STACK) for __initial_sp
    startup_nano100series.o(RESET) refers to startup_nano100series.o(.text) for Reset_Handler
    startup_nano100series.o(RESET) refers to retarget.o(.emb_text) for HardFault_Handler
    startup_nano100series.o(RESET) refers to platform.o(i.GPABC_IRQHandler) for GPABC_IRQHandler
    startup_nano100series.o(RESET) refers to user_usart.o(i.TMR0_IRQHandler) for TMR0_IRQHandler
    startup_nano100series.o(RESET) refers to platform.o(i.TMR1_IRQHandler) for TMR1_IRQHandler
    startup_nano100series.o(RESET) refers to user_usart.o(i.UART0_IRQHandler) for UART0_IRQHandler
    startup_nano100series.o(RESET) refers to user_usart.o(i.UART1_IRQHandler) for UART1_IRQHandler
    startup_nano100series.o(RESET) refers to platform.o(i.PDWU_IRQHandler) for PDWU_IRQHandler
    startup_nano100series.o(RESET) refers to user_adc.o(i.ADC_IRQHandler) for ADC_IRQHandler
    startup_nano100series.o(RESET) refers to platform.o(i.RTC_IRQHandler) for RTC_IRQHandler
    startup_nano100series.o(.text) refers (Special) to heapauxi.o(.text) for __use_two_region_memory
    startup_nano100series.o(.text) refers to __main.o(!!!main) for __main
    startup_nano100series.o(.text) refers to startup_nano100series.o(HEAP) for Heap_Mem
    startup_nano100series.o(.text) refers to startup_nano100series.o(STACK) for Stack_Mem
    system_nano100series.o(i.SysGet_HCLKFreq) refers to system_nano100series.o(i.SysGet_PLLClockFreq) for SysGet_PLLClockFreq
    system_nano100series.o(i.SysGet_HCLKFreq) refers to aeabi_sdiv.o(.text) for __aeabi_uidivmod
    system_nano100series.o(i.SysGet_PLLClockFreq) refers to aeabi_sdiv.o(.text) for __aeabi_uidivmod
    system_nano100series.o(i.SystemCoreClockUpdate) refers to system_nano100series.o(i.SysGet_HCLKFreq) for SysGet_HCLKFreq
    system_nano100series.o(i.SystemCoreClockUpdate) refers to aeabi_sdiv.o(.text) for __aeabi_uidivmod
    system_nano100series.o(i.SystemCoreClockUpdate) refers to system_nano100series.o(.data) for SystemCoreClock
    platform.o(i.Delay) refers to clk.o(i.CLK_SysTickDelay) for CLK_SysTickDelay
    platform.o(i.GPABC_IRQHandler) refers to main.o(.data) for flag_wakeup
    platform.o(i.GPIO_Init) refers to gpio.o(i.GPIO_SetMode) for GPIO_SetMode
    platform.o(i.GPIO_Init) refers to platform.o(i.GPIO_Int_Disable) for GPIO_Int_Disable
    platform.o(i.GPIO_Int_Disable) refers to gpio.o(i.GPIO_DisableInt) for GPIO_DisableInt
    platform.o(i.GPIO_Int_Disable) refers to platform.o(i.NVIC_DisableIRQ) for NVIC_DisableIRQ
    platform.o(i.GPIO_Int_Enable) refers to gpio.o(i.GPIO_EnableInt) for GPIO_EnableInt
    platform.o(i.GPIO_Int_Enable) refers to platform.o(i.NVIC_EnableIRQ) for NVIC_EnableIRQ
    platform.o(i.GPIO_sleep_config) refers to gpio.o(i.GPIO_SetMode) for GPIO_SetMode
    platform.o(i.Leave_PowerDown) refers to platform.o(i.RestorePinSetting) for RestorePinSetting
    platform.o(i.PDWU_IRQHandler) refers to platform.o(i.Leave_PowerDown) for Leave_PowerDown
    platform.o(i.RestorePinSetting) refers to platform.o(.bss) for _Pin_Setting
    platform.o(i.SYS_Init) refers to clk.o(i.CLK_EnableXtalRC) for CLK_EnableXtalRC
    platform.o(i.SYS_Init) refers to clk.o(i.CLK_WaitClockReady) for CLK_WaitClockReady
    platform.o(i.SYS_Init) refers to clk.o(i.CLK_SetHCLK) for CLK_SetHCLK
    platform.o(i.SYS_Init) refers to clk.o(i.CLK_EnableModuleClock) for CLK_EnableModuleClock
    platform.o(i.SYS_Init) refers to clk.o(i.CLK_SetModuleClock) for CLK_SetModuleClock
    platform.o(i.SYS_Init) refers to system_nano100series.o(i.SystemCoreClockUpdate) for SystemCoreClockUpdate
    platform.o(i.SavePinSetting) refers to platform.o(.bss) for _Pin_Setting
    platform.o(i.TMR1_IRQHandler) refers to aeabi_sdiv.o(.text) for __aeabi_idivmod
    platform.o(i.TMR1_IRQHandler) refers to platform.o(.data) for flag_detect
    platform.o(i.TMR1_IRQHandler) refers to app.o(.data) for Self_test_flag
    platform.o(i.TMR1_IRQHandler) refers to main.o(.bss) for p_battery
    platform.o(i.TMR1_IRQHandler) refers to main.o(.data) for flag_wakeup
    platform.o(i.Timer1_Init) refers to timer.o(i.TIMER_Open) for TIMER_Open
    platform.o(i.Timer1_Init) refers to platform.o(i.NVIC_EnableIRQ) for NVIC_EnableIRQ
    platform.o(i.end_handle) refers to platform.o(i.Delay) for Delay
    platform.o(i.enter_stop) refers to platform.o(i.SavePinSetting) for SavePinSetting
    platform.o(i.enter_stop) refers to platform.o(i.NVIC_EnableIRQ) for NVIC_EnableIRQ
[...]
    ../mathlib/sqrt.c                        0x00000000   Number         0  sqrt_x.o ABSOLUTE
    CMSIS\\system_Nano100Series.c            0x00000000   Number         0  system_nano100series.o ABSOLUTE
    CMSIS\startup_Nano100Series.s            0x00000000   Number         0  startup_nano100series.o ABSOLUTE
    CMSIS\system_Nano100Series.c             0x00000000   Number         0  system_nano100series.o ABSOLUTE
    dc.s                                     0x00000000   Number         0  dc.o ABSOLUTE
    src\\adc.c                               0x00000000   Number         0  adc.o ABSOLUTE
    src\\app.c                               0x00000000   Number         0  app.o ABSOLUTE
    src\\clk.c                               0x00000000   Number         0  clk.o ABSOLUTE
    src\\crc.c                               0x00000000   Number         0  crc.o ABSOLUTE
    src\\dac.c                               0x00000000   Number         0  dac.o ABSOLUTE
    src\\ebi.c                               0x00000000   Number         0  ebi.o ABSOLUTE
    src\\fmc.c                               0x00000000   Number         0  fmc.o ABSOLUTE
    src\\gpio.c                              0x00000000   Number         0  gpio.o ABSOLUTE
    src\\i2c.c                               0x00000000   Number         0  i2c.o ABSOLUTE
    src\\i2s.c                               0x00000000   Number         0  i2s.o ABSOLUTE
    src\\lcd.c                               0x00000000   Number         0  lcd.o ABSOLUTE
    src\\pdma.c                              0x00000000   Number         0  pdma.o ABSOLUTE
    src\\platform.c                          0x00000000   Number         0  platform.o ABSOLUTE
    src\\pwm.c                               0x00000000   Number         0  pwm.o ABSOLUTE
    src\\retarget.c                          0x00000000   Number         0  retarget.o ABSOLUTE
    src\\rtc.c                               0x00000000   Number         0  rtc.o ABSOLUTE
    src\\sc.c                                0x00000000   Number         0  sc.o ABSOLUTE
    src\\scuart.c                            0x00000000   Number         0  scuart.o ABSOLUTE
    src\\spi.c                               0x00000000   Number         0  spi.o ABSOLUTE
    src\\sys.c                               0x00000000   Number         0  sys.o ABSOLUTE
    src\\timer.c                             0x00000000   Number         0  timer.o ABSOLUTE
    src\\uart.c                              0x00000000   Number         0  uart.o ABSOLUTE
    src\\usbd.c                              0x00000000   Number         0  usbd.o ABSOLUTE
    src\\user_adc.c                          0x00000000   Number         0  user_adc.o ABSOLUTE
    src\\user_spi.c                          0x00000000   Number         0  user_spi.o ABSOLUTE
    src\\user_usart.c                        0x00000000   Number         0  user_usart.o ABSOLUTE
    src\\w25q64.c                            0x00000000   Number         0  w25q64.o ABSOLUTE
    src\\wdt.c                               0x00000000   Number         0  wdt.o ABSOLUTE
    src\\wwdt.c                              0x00000000   Number         0  wwdt.o ABSOLUTE
    src\adc.c                                0x00000000   Number         0  adc.o ABSOLUTE
    src\app.c                                0x00000000   Number         0  app.o ABSOLUTE
    src\clk.c                                0x00000000   Number         0  clk.o ABSOLUTE
    src\crc.c                                0x00000000   Number         0  crc.o ABSOLUTE
    src\dac.c                                0x00000000   Number         0  dac.o ABSOLUTE
    src\ebi.c                                0x00000000   Number         0  ebi.o ABSOLUTE
    src\fmc.c                                0x00000000   Number         0  fmc.o ABSOLUTE
    src\gpio.c                               0x00000000   Number         0  gpio.o ABSOLUTE
    src\i2c.c                                0x00000000   Number         0  i2c.o ABSOLUTE
    src\i2s.c                                0x00000000   Number         0  i2s.o ABSOLUTE
    src\lcd.c                                0x00000000   Number         0  lcd.o ABSOLUTE
    src\pdma.c                               0x00000000   Number         0  pdma.o ABSOLUTE
    src\platform.c                           0x00000000   Number         0  platform.o ABSOLUTE
    src\pwm.c                                0x00000000   Number         0  pwm.o ABSOLUTE
    src\retarget.c                           0x00000000   Number         0  retarget.o ABSOLUTE
    src\rtc.c                                0x00000000   Number         0  rtc.o ABSOLUTE
    src\sc.c                                 0x00000000   Number         0  sc.o ABSOLUTE
    src\scuart.c                             0x00000000   Number         0  scuart.o ABSOLUTE
    src\spi.c                                0x00000000   Number         0  spi.o ABSOLUTE
    src\sys.c                                0x00000000   Number         0  sys.o ABSOLUTE
    src\timer.c                              0x00000000   Number         0  timer.o ABSOLUTE
    src\uart.c                               0x00000000   Number         0  uart.o ABSOLUTE
    src\usbd.c                               0x00000000   Number         0  usbd.o ABSOLUTE
    src\user_adc.c                           0x00000000   Number         0  user_adc.o ABSOLUTE
    src\user_spi.c                           0x00000000   Number         0  user_spi.o ABSOLUTE
    src\user_usart.c                         0x00000000   Number         0  user_usart.o ABSOLUTE
    src\w25q64.c                             0x00000000   Number         0  w25q64.o ABSOLUTE
    src\wdt.c                                0x00000000   Number         0  wdt.o ABSOLUTE
    src\wwdt.c                               0x00000000   Number         0  wwdt.o ABSOLUTE
    user\\main.c                             0x00000000   Number         0  main.o ABSOLUTE
    user\main.c                              0x00000000   Number         0  main.o ABSOLUTE
    !!!main                                  0x000000c0   Section        8  __main.o(!!!main)
    !!!scatter                               0x000000c8   Section       60  __scatter.o(!!!scatter)
    !!handler_copy                           0x00000104   Section       26  __scatter_copy.o(!!handler_copy)
    !!handler_zi                             0x00000120   Section       28  __scatter_zi.o(!!handler_zi)
    .ARM.Collect$$_printf_percent$$00000000  0x0000013c   Section        2  _printf_percent.o(.ARM.Collect$$_printf_percent$$00000000)
    .ARM.Collect$$_printf_percent$$0000000C  0x0000013e   Section       10  _printf_x.o(.ARM.Collect$$_printf_percent$$0000000C)
    .ARM.Collect$$_printf_percent$$00000017  0x00000148   Section        4  _printf_percent_end.o(.ARM.Collect$$_printf_percent$$00000017)
    .ARM.Collect$$libinit$$00000000          0x0000014c   Section        2  libinit.o(.ARM.Collect$$libinit$$00000000)
    .ARM.Collect$$libinit$$00000002          0x0000014e   Section        0  libinit2.o(.ARM.Collect$$libinit$$00000002)
    .ARM.Collect$$libinit$$00000004          0x0000014e   Section        0  libinit2.o(.ARM.Collect$$libinit$$00000004)
    .ARM.Collect$$libinit$$0000000A          0x0000014e   Section        0  libinit2.o(.ARM.Collect$$libinit$$0000000A)
    .ARM.Collect$$libinit$$0000000C          0x0000014e   Section        0  libinit2.o(.ARM.Collect$$libinit$$0000000C)
    .ARM.Collect$$libinit$$0000000E          0x0000014e   Section        0  libinit2.o(.ARM.Collect$$libinit$$0000000E)
    .ARM.Collect$$libinit$$00000011          0x0000014e   Section        0  libinit2.o(.ARM.Collect$$libinit$$00000011)
    .ARM.Collect$$libinit$$00000013          0x0000014e   Section        0  libinit2.o(.ARM.Collect$$libinit$$00000013)
    .ARM.Collect$$libinit$$00000015          0x0000014e   Section        0  libinit2.o(.ARM.Collect$$libinit$$00000015)
    .ARM.Collect$$libinit$$00000017          0x0000014e   Section        0  libinit2.o(.ARM.Collect$$libinit$$00000017)
    .ARM.Collect$$libinit$$00000019          0x0000014e   Section        0  libinit2.o(.ARM.Collect$$libinit$$00000019)
    .ARM.Collect$$libinit$$0000001B          0x0000014e   Section        0  libinit2.o(.ARM.Collect$$libinit$$0000001B)
    .ARM.Collect$$libinit$$0000001D          0x0000014e   Section        0  libinit2.o(.ARM.Collect$$libinit$$0000001D)
    .ARM.Collect$$libinit$$0000001F          0x0000014e   Section        0  libinit2.o(.ARM.Collect$$libinit$$0000001F)
    .ARM.Collect$$libinit$$00000021          0x0000014e   Section        0  libinit2.o(.ARM.Collect$$libinit$$00000021)
    .ARM.Collect$$libinit$$00000023          0x0000014e   Section        0  libinit2.o(.ARM.Collect$$libinit$$00000023)
    .ARM.Collect$$libinit$$00000025          0x0000014e   Section        0  libinit2.o(.ARM.Collect$$libinit$$00000025)
    .ARM.Collect$$libinit$$0000002C          0x0000014e   Section        0  libinit2.o(.ARM.Collect$$libinit$$0000002C)
    .ARM.Collect$$libinit$$0000002E          0x0000014e   Section        0  libinit2.o(.ARM.Collect$$libinit$$0000002E)
    .ARM.Collect$$libinit$$00000030          0x0000014e   Section        0  libinit2.o(.ARM.Collect$$libinit$$00000030)
    .ARM.Collect$$libinit$$00000032          0x0000014e   Section        0  libinit2.o(.ARM.Collect$$libinit$$00000032)
    .ARM.Collect$$libinit$$00000033          0x0000014e   Section        2  libinit2.o(.ARM.Collect$$libinit$$00000033)
    .ARM.Collect$$libshutdown$$00000000      0x00000150   Section        2  libshutdown.o(.ARM.Collect$$libshutdown$$00000000)
    .ARM.Collect$$libshutdown$$00000003      0x00000152   Section        0  libshutdown2.o(.ARM.Collect$$libshutdown$$00000003)
    .ARM.Collect$$libshutdown$$00000006      0x00000152   Section        0  libshutdown2.o(.ARM.Collect$$libshutdown$$00000006)
    .ARM.Collect$$libshutdown$$00000009      0x00000152   Section        0  libshutdown2.o(.ARM.Collect$$libshutdown$$00000009)
    .ARM.Collect$$libshutdown$$0000000B      0x00000152   Section        0  libshutdown2.o(.ARM.Collect$$libshutdown$$0000000B)
    .ARM.Collect$$libshutdown$$0000000E      0x00000152   Section        0  libshutdown2.o(.ARM.Collect$$libshutdown$$0000000E)
    .ARM.Collect$$libshutdown$$0000000F      0x00000152   Section        2  libshutdown2.o(.ARM.Collect$$libshutdown$$0000000F)
    .ARM.Collect$$rtentry$$00000000          0x00000154   Section        0  __rtentry.o(.ARM.Collect$$rtentry$$00000000)
    .ARM.Collect$$rtentry$$00000002          0x00000154   Section        0  __rtentry2.o(.ARM.Collect$$rtentry$$00000002)
    .ARM.Collect$$rtentry$$00000004          0x00000154   Section        6  __rtentry4.o(.ARM.Collect$$rtentry$$00000004)
    .ARM.Collect$$rtentry$$00000009          0x0000015a   Section        0  __rtentry2.o(.ARM.Collect$$rtentry$$00000009)
    .ARM.Collect$$rtentry$$0000000A          0x0000015a   Section        4  __rtentry2.o(.ARM.Collect$$rtentry$$0000000A)
    .ARM.Collect$$rtentry$$0000000C          0x0000015e   Section        0  __rtentry2.o(.ARM.Collect$$rtentry$$0000000C)
    .ARM.Collect$$rtentry$$0000000D          0x0000015e   Section        8  __rtentry2.o(.ARM.Collect$$rtentry$$0000000D)
    .ARM.Collect$$rtexit$$00000000           0x00000166   Section        2  rtexit.o(.ARM.Collect$$rtexit$$00000000)
    .ARM.Collect$$rtexit$$00000002           0x00000168   Section        0  rtexit2.o(.ARM.Collect$$rtexit$$00000002)
    .ARM.Collect$$rtexit$$00000003           0x00000168   Section        4  rtexit2.o(.ARM.Collect$$rtexit$$00000003)
    .ARM.Collect$$rtexit$$00000004           0x0000016c   Section        6  rtexit2.o(.ARM.Collect$$rtexit$$00000004)
    .emb_text                                0x00000174   Section       28  retarget.o(.emb_text)
    .emb_text                                0x00000190   Section       56  rt_memcpy.o(.emb_text)
    .text                                    0x000001c8   Section       96  startup_nano100series.o(.text)
    .text                                    0x00000228   Section        0  noretval__2printf.o(.text)
    .text                                    0x00000244   Section        0  _printf_hex_int.o(.text)
    .text                                    0x0000029c   Section        0  __printf_wp.o(.text)
    .text                                    0x000003aa   Section        0  rt_memclr.o(.text)
    .text                                    0x000003ec   Section        0  strncpy.o(.text)
    .text                                    0x00000458   Section      346  aeabi_sdiv.o(.text)
    .text                                    0x000005b2   Section        0  heapauxi.o(.text)
    .text                                    0x000005b8   Section        0  d2f.o(.text)
    .text                                    0x00000634   Section        0  daddsub.o(.text)
    _dadd1                                   0x00000635   Thumb Code   290  daddsub.o(.text)
    _dsub1                                   0x00000757   Thumb Code   470  daddsub.o(.text)
    .text                                    0x0000098c   Section        0  ddiv.o(.text)
    .text                                    0x00000dd4   Section        0  dfixui.o(.text)
    .text                                    0x00000e1c   Section        0  dflti.o(.text)
    .text                                    0x00000e74   Section        0  dmul.o(.text)
    .text                                    0x000010bc   Section        0  f2d.o(.text)
    .text                                    0x00001110   Section        0  ffixui.o(.text)
    .text                                    0x00001140   Section        0  _rserrno.o(.text)
    .text                                    0x00001156   Section        0  _printf_intcommon.o(.text)
    .text                                    0x00001208   Section        0  _printf_char_file.o(.text)
    .text                                    0x00001230   Section        0  dcmpin.o(.text)
    .text                                    0x000012c0   Section        0  dscalbn.o(.text)
    .text                                    0x00001320   Section        8  rt_errno_addr_intlibspace.o(.text)
    .text                                    0x00001328   Section        0  _printf_char_common.o(.text)
    _printf_input_char                       0x00001329   Thumb Code    10  _printf_char_common.o(.text)
    .text                                    0x00001358   Section        0  cmpret.o(.text)
    .text                                    0x00001388   Section        0  dnan2.o(.text)
    .text                                    0x0000139c   Section        0  dsqrt.o(.text)
    .text                                    0x0000149c   Section        8  libspace.o(.text)
    .text                                    0x000014a4   Section       62  sys_stackheap_outer.o(.text)
    .text                                    0x000014e2   Section        0  exit.o(.text)
    .text                                    0x000014ee   Section        0  retnan.o(.text)
    .text                                    0x0000154c   Section        0  sys_exit.o(.text)
    .text                                    0x00001558   Section        2  use_no_semi.o(.text)
    .text                                    0x0000155a   Section        0  indicate_semi.o(.text)
    i.ADC_DisableInt                         0x0000155c   Section        0  adc.o(i.ADC_DisableInt)
    i.ADC_EnableInt                          0x000015a0   Section        0  adc.o(i.ADC_EnableInt)
    i.ADC_IRQHandler                         0x000015e4   Section        0  user_adc.o(i.ADC_IRQHandler)
    i.ADC_Init                               0x00001610   Section        0  user_adc.o(i.ADC_Init)
    i.ADC_Open                               0x00001680   Section        0  adc.o(i.ADC_Open)
    i.ADC_convert                            0x000016bc   Section        0  user_adc.o(i.ADC_convert)
    i.BLE_usart_RX_Clear                     0x00001ed8   Section        0  user_usart.o(i.BLE_usart_RX_Clear)
    i.BLE_usart_service                      0x00001f08   Section        0  user_usart.o(i.BLE_usart_service)
    i.Blewrite                               0x00001fc8   Section        0  app.o(i.Blewrite)
    i.CLK_EnableModuleClock                  0x00001fe0   Section        0  clk.o(i.CLK_EnableModuleClock)
    i.CLK_EnableXtalRC                       0x00002004   Section        0  clk.o(i.CLK_EnableXtalRC)
    i.CLK_GetHCLKFreq                        0x00002050   Section        0  clk.o(i.CLK_GetHCLKFreq)
    i.CLK_GetPLLClockFreq                    0x00002060   Section        0  clk.o(i.CLK_GetPLLClockFreq)
    i.CLK_PowerDown                          0x000020e0   Section        0  clk.o(i.CLK_PowerDown)
    i.CLK_SetHCLK                            0x00002100   Section        0  clk.o(i.CLK_SetHCLK)
    i.CLK_SetModuleClock                     0x00002164   Section        0  clk.o(i.CLK_SetModuleClock)
    i.CLK_SysTickDelay                       0x000021c8   Section        0  clk.o(i.CLK_SysTickDelay)
    i.CLK_WaitClockReady                     0x000021fc   Section        0  clk.o(i.CLK_WaitClockReady)
    i.Delay                                  0x00002224   Section        0  platform.o(i.Delay)
    i.Execute_Cmd                            0x00002238   Section        0  app.o(i.Execute_Cmd)
    i.GPABC_IRQHandler                       0x00003d80   Section        0  platform.o(i.GPABC_IRQHandler)
    i.GPIO_DisableInt                        0x00003df4   Section        0  gpio.o(i.GPIO_DisableInt)
    i.GPIO_EnableInt                         0x00003e10   Section        0  gpio.o(i.GPIO_EnableInt)
    i.GPIO_Init                              0x00003e2c   Section        0  platform.o(i.GPIO_Init)
    i.GPIO_Int_Disable                       0x00003fbc   Section        0  platform.o(i.GPIO_Int_Disable)
    i.GPIO_Int_Enable                        0x00003fe4   Section        0  platform.o(i.GPIO_Int_Enable)
    i.GPIO_SetMode                           0x00004014   Section        0  gpio.o(i.GPIO_SetMode)
    i.Hard_Fault_Handler                     0x00004044   Section        0  retarget.o(i.Hard_Fault_Handler)
    __tagsym$$used                           0x00004045   Number         0  retarget.o(i.Hard_Fault_Handler)
    i.IRsensor_ADC_convert                   0x00004070   Section        0  user_adc.o(i.IRsensor_ADC_convert)
    i.Leave_PowerDown                        0x000041c4   Section        0  platform.o(i.Leave_PowerDown)
    i.MX_SPI1_Init                           0x000041dc   Section        0  user_spi.o(i.MX_SPI1_Init)
    i.NVIC_DisableIRQ                        0x0000421c   Section        0  platform.o(i.NVIC_DisableIRQ)
    NVIC_DisableIRQ                          0x0000421d   Thumb Code    14  platform.o(i.NVIC_DisableIRQ)
    i.NVIC_DisableIRQ                        0x00004230   Section        0  user_usart.o(i.NVIC_DisableIRQ)
    NVIC_DisableIRQ                          0x00004231   Thumb Code    14  user_usart.o(i.NVIC_DisableIRQ)
    i.NVIC_EnableIRQ                         0x00004244   Section        0  platform.o(i.NVIC_EnableIRQ)
    NVIC_EnableIRQ                           0x00004245   Thumb Code    14  platform.o(i.NVIC_EnableIRQ)
    i.NVIC_EnableIRQ                         0x00004258   Section        0  user_usart.o(i.NVIC_EnableIRQ)
    NVIC_EnableIRQ                           0x00004259   Thumb Code    14  user_usart.o(i.NVIC_EnableIRQ)
    i.PDWU_IRQHandler                        0x0000426c   Section        0  platform.o(i.PDWU_IRQHandler)
    i.RTC_EnableInt                          0x00004280   Section        0  rtc.o(i.RTC_EnableInt)
    i.RTC_IRQHandler                         0x000042b0   Section        0  platform.o(i.RTC_IRQHandler)
    i.RTC_Open                               0x00004310   Section        0  rtc.o(i.RTC_Open)
    i.RTC_SetTickPeriod                      0x0000449c   Section        0  rtc.o(i.RTC_SetTickPeriod)
    i.RestorePinSetting                      0x000044d0   Section        0  platform.o(i.RestorePinSetting)
    i.SENSOR_usart_RX_Clear                  0x00004568   Section        0  user_usart.o(i.SENSOR_usart_RX_Clear)
    i.SENSOR_usart_service                   0x00004598   Section        0  user_usart.o(i.SENSOR_usart_service)
    i.SPI_DisableAutoSS                      0x000045cc   Section        0  spi.o(i.SPI_DisableAutoSS)
    i.SPI_FLASH_PageWrite                    0x000045d8   Section        0  w25q64.o(i.SPI_FLASH_PageWrite)
    i.SPI_Flash_ReadBuffer                   0x0000464c   Section        0  w25q64.o(i.SPI_Flash_ReadBuffer)
    i.SPI_Flash_ReadID                       0x000046b0   Section        0  w25q64.o(i.SPI_Flash_ReadID)
    i.SPI_Flash_WaitForWriteEnd              0x00004708   Section        0  w25q64.o(i.SPI_Flash_WaitForWriteEnd)
    i.SPI_Flash_Write_Enable                 0x00004730   Section        0  w25q64.o(i.SPI_Flash_Write_Enable)
    i.SPI_Flash_Writebuffer                  0x00004758   Section        0  w25q64.o(i.SPI_Flash_Writebuffer)
    i.SPI_Open                               0x00004880   Section        0  spi.o(i.SPI_Open)
    i.SPI_SendByte                           0x000048a4   Section        0  user_spi.o(i.SPI_SendByte)
    i.SPI_SetBusClock                        0x000048d8   Section        0  spi.o(i.SPI_SetBusClock)
    i.SYS_Init                               0x00004984   Section        0  platform.o(i.SYS_Init)
    i.SavePinSetting                         0x00004b00   Section        0  platform.o(i.SavePinSetting)
    i.Self_test                              0x00004b90   Section        0  app.o(i.Self_test)
    i.SendChar                               0x00004ed4   Section        0  retarget.o(i.SendChar)
    i.SendChar_ToUART                        0x00004ee0   Section        0  retarget.o(i.SendChar_ToUART)
    i.Sensorwrite                            0x00004ee4   Section        0  app.o(i.Sensorwrite)
    i.SysGet_HCLKFreq                        0x00004efc   Section        0  system_nano100series.o(i.SysGet_HCLKFreq)
    i.SysGet_PLLClockFreq                    0x00004f4c   Section        0  system_nano100series.o(i.SysGet_PLLClockFreq)
    i.SystemCoreClockUpdate                  0x00004fcc   Section        0  system_nano100series.o(i.SystemCoreClockUpdate)
    i.TIMER_GetModuleClock                   0x00004ff8   Section        0  timer.o(i.TIMER_GetModuleClock)
    i.TIMER_Open                             0x00005078   Section        0  timer.o(i.TIMER_Open)
    i.TMR0_IRQHandler                        0x000050e0   Section        0  user_usart.o(i.TMR0_IRQHandler)
    i.TMR1_IRQHandler                        0x00005138   Section        0  platform.o(i.TMR1_IRQHandler)
    i.Timer0_Init                            0x00005240   Section        0  user_usart.o(i.Timer0_Init)
    i.Timer1_Init                            0x0000527c   Section        0  platform.o(i.Timer1_Init)
    i.UART0_HANDLE                           0x000052b4   Section        0  user_usart.o(i.UART0_HANDLE)
    i.UART0_IRQHandler                       0x0000530c   Section        0  user_usart.o(i.UART0_IRQHandler)
    i.UART0_Init                             0x00005314   Section        0  user_usart.o(i.UART0_Init)
    i.UART1_HANDLE                           0x00005348   Section        0  user_usart.o(i.UART1_HANDLE)
    i.UART1_IRQHandler                       0x000053a0   Section        0  user_usart.o(i.UART1_IRQHandler)
    i.UART1_Init                             0x000053a8   Section        0  user_usart.o(i.UART1_Init)
    i.UART_Open                              0x000053dc   Section        0  uart.o(i.UART_Open)
    i.UART_Write                             0x0000547c   Section        0  uart.o(i.UART_Write)
    i.W25QXX_Erase_Sector                    0x000054b4   Section        0  w25q64.o(i.W25QXX_Erase_Sector)
    i.__ARM_common_switch8                   0x00005504   Section        0  platform.o(i.__ARM_common_switch8)
    i.__ARM_fpclassify                       0x00005520   Section        0  fpclassify.o(i.__ARM_fpclassify)
    i.__kernel_poly                          0x0000554c   Section        0  poly.o(i.__kernel_poly)
    i.__mathlib_dbl_divzero                  0x000055f8   Section        0  dunder.o(i.__mathlib_dbl_divzero)
    i.__mathlib_dbl_infnan2                  0x0000560c   Section        0  dunder.o(i.__mathlib_dbl_infnan2)
    i.__mathlib_dbl_invalid                  0x00005614   Section        0  dunder.o(i.__mathlib_dbl_invalid)
    i.__mathlib_dbl_overflow                 0x00005624   Section        0  dunder.o(i.__mathlib_dbl_overflow)
    i.__mathlib_dbl_underflow                0x00005638   Section        0  dunder.o(i.__mathlib_dbl_underflow)
    i._is_digit                              0x0000564c   Section        0  __printf_wp.o(i._is_digit)
    i.end_handle                             0x0000565c   Section        0  platform.o(i.end_handle)
    i.enter_stop                             0x00005690   Section        0  platform.o(i.enter_stop)
    i.error_handle                           0x0000576c   Section        0  platform.o(i.error_handle)
    i.ferror                                 0x000057bc   Section        0  retarget.o(i.ferror)
    i.fputc                                  0x000057c4   Section        0  retarget.o(i.fputc)
    i.main                                   0x000057d4   Section        0  main.o(i.main)
    i.pow                                    0x00005a40   Section        0  pow.o(i.pow)
    i.power_ADC_convert                      0x000063c0   Section        0  user_adc.o(i.power_ADC_convert)
    i.power_off                              0x00006478   Section        0  platform.o(i.power_off)
    i.power_on                               0x000064b0   Section        0  platform.o(i.power_on)
    i.select_usart                           0x000064e8   Section        0  platform.o(i.select_usart)
    i.set_ID                                 0x0000654c   Section        0  platform.o(i.set_ID)
    i.set_IR                                 0x000065b4   Section        0  platform.o(i.set_IR)
    i.set_bt_name                            0x00006624   Section        0  app.o(i.set_bt_name)
    i.set_err                                0x000068d0   Section        0  platform.o(i.set_err)
    i.sqrt                                   0x00006a3c   Section        0  sqrt.o(i.sqrt)
    i.stackDump                              0x00006a84   Section        0  retarget.o(i.stackDump)
    i.start_handle                           0x00006b2c   Section        0  platform.o(i.start_handle)
    i.usart_receive_1_16_ctrl                0x00006b48   Section        0  platform.o(i.usart_receive_1_16_ctrl)
    i.usart_send_1_4_ctrl                    0x00006c4c   Section        0  platform.o(i.usart_send_1_4_ctrl)
    x$fpl$dleqf                              0x00006c8c   Section      100  dlef.o(x$fpl$dleqf)
    x$fpl$drleqf                             0x00006cf0   Section      104  drlef.o(x$fpl$drleqf)
    x$fpl$fmul                               0x00006d58   Section      176  fmul.o(x$fpl$fmul)
    .constdata                               0x00006e08   Section       79  app.o(.constdata)
    x$fpl$usenofp                            0x00006e08   Section        0  usenofp.o(x$fpl$usenofp)
    .constdata                               0x00006e58   Section       16  timer.o(.constdata)
    .constdata                               0x00006e68   Section       48  uart.o(.constdata)
    .constdata                               0x00006e98   Section       40  _printf_hex_int.o(.constdata)
    uc_hextab                                0x00006e98   Data          20  _printf_hex_int.o(.constdata)
    lc_hextab                                0x00006eac   Data          20  _printf_hex_int.o(.constdata)
    .constdata                               0x00006ec0   Section      128  ddiv.o(.constdata)
    ddiv_reciptbl                            0x00006ec0   Data         128  ddiv.o(.constdata)
    .constdata                               0x00006f40   Section      136  pow.o(.constdata)
    bp                                       0x00006f40   Data          16  pow.o(.constdata)
    dp_h                                     0x00006f50   Data          16  pow.o(.constdata)
    dp_l                                     0x00006f60   Data          16  pow.o(.constdata)
    L                                        0x00006f70   Data          48  pow.o(.constdata)
    P                                        0x00006fa0   Data          40  pow.o(.constdata)
    .constdata                               0x00006fc8   Section        8  qnan.o(.constdata)
    .data                                    0x20000000   Section        8  system_nano100series.o(.data)
    .data                                    0x20000008   Section       12  platform.o(.data)
    .data                                    0x20000014   Section       76  user_usart.o(.data)
    .data                                    0x20000060   Section        2  w25q64.o(.data)
    .data                                    0x20000062   Section        1  user_adc.o(.data)
    .data                                    0x20000064   Section       12  main.o(.data)
    .data                                    0x20000070   Section       12  app.o(.data)
    .data                                    0x2000007c   Section        8  retarget.o(.data)
    .data                                    0x20000084   Section       56  rtc.o(.data)
    g_u32Reg                                 0x20000084   Data           4  rtc.o(.data)
    g_u32Reg1                                0x20000088   Data           4  rtc.o(.data)
    g_u32hiYear                              0x2000008c   Data           4  rtc.o(.data)
    g_u32loYear                              0x20000090   Data           4  rtc.o(.data)
    g_u32hiMonth                             0x20000094   Data           4  rtc.o(.data)
    g_u32loMonth                             0x20000098   Data           4  rtc.o(.data)
    g_u32hiDay                               0x2000009c   Data           4  rtc.o(.data)
    g_u32loDay                               0x200000a0   Data           4  rtc.o(.data)
    g_u32hiHour                              0x200000a4   Data           4  rtc.o(.data)
    g_u32loHour                              0x200000a8   Data           4  rtc.o(.data)
    g_u32hiMin                               0x200000ac   Data           4  rtc.o(.data)
    g_u32loMin                               0x200000b0   Data           4  rtc.o(.data)
    g_u32hiSec                               0x200000b4   Data           4  rtc.o(.data)
    g_u32loSec                               0x200000b8   Data           4  rtc.o(.data)
    .bss                                     0x200000bc   Section      144  platform.o(.bss)
    .bss                                     0x2000014c   Section       20  main.o(.bss)
    .bss                                     0x20000160   Section       32  app.o(.bss)
    .bss                                     0x20000180   Section       96  libspace.o(.bss)
    HEAP                                     0x200001e0   Section     2048  startup_nano100series.o(HEAP)
    Heap_Mem                                 0x200001e0   Data        2048  startup_nano100series.o(HEAP)
    STACK                                    0x200009e0   Section     2304  startup_nano100series.o(STACK)
    Stack_Mem                                0x200009e0   Data        2304  startup_nano100series.o(STACK)
    __initial_sp                             0x200012e0   Data           0  startup_nano100series.o(STACK)

    Global Symbols

    Symbol Name                              Value     Ov Type        Size  Object(Section)

    BuildAttributes$$THM_ISAv3M$S$PE$A:L22$X:L11$S22$IEEE1$IW$USESV6$~STKCKD$USESV7$~SHL$OTIME$ROPI$IEEEX$EBA8$UX$STANDARDLIB$REQ8$PRES8$EABIv2 0x00000000   Number         0  anon$$obj.o ABSOLUTE
    __ARM_use_no_argv                        0x00000000   Number         0  main.o ABSOLUTE
    __Vectors                                0x00000000   Data           4  startup_nano100series.o(RESET)
    _printf_flags                            0x00000000   Number         0  printf_stubs.o ABSOLUTE
    _printf_return_value                     0x00000000   Number         0  printf_stubs.o ABSOLUTE
    _printf_sizespec                         0x00000000   Number         0  printf_stubs.o ABSOLUTE
    _printf_widthprec                        0x00000000   Number         0  printf_stubs.o ABSOLUTE
    __ARM_exceptions_init                     - Undefined Weak Reference
    __alloca_initialize                       - Undefined Weak Reference
    __arm_preinit_                            - Undefined Weak Reference
    __cpp_initialize__aeabi_                  - Undefined Weak Reference
    __cxa_finalize                            - Undefined Weak Reference
    __rt_locale                               - Undefined Weak Reference
    __sigvec_lookup                           - Undefined Weak Reference
    _atexit_init                              - Undefined Weak Reference
    _call_atexit_fns                          - Undefined Weak Reference
    _clock_init                               - Undefined Weak Reference
    _fp_trap_init                             - Undefined Weak Reference
    _fp_trap_shutdown                         - Undefined Weak Reference
    _get_lc_collate                           - Undefined Weak Reference
    _get_lc_ctype                             - Undefined Weak Reference
    _get_lc_monetary                          - Undefined Weak Reference
    _get_lc_numeric                           - Undefined Weak Reference
    _get_lc_time                              - Undefined Weak Reference
    _getenv_init                              - Undefined Weak Reference
    _handle_redirection                       - Undefined Weak Reference
    _init_alloc                               - Undefined Weak Reference
    _init_user_alloc                          - Undefined Weak Reference
    _initio                                   - Undefined Weak Reference
    _printf_post_padding                      - Undefined Weak Reference
    _printf_pre_padding                       - Undefined Weak Reference
    _printf_truncate_unsigned                 - Undefined Weak Reference
    _rand_init                                - Undefined Weak Reference
    _signal_finish                            - Undefined Weak Reference
    _signal_init                              - Undefined Weak Reference
    _terminate_alloc                          - Undefined Weak Reference
    _terminate_user_alloc                     - Undefined Weak Reference
    _terminateio                              - Undefined Weak Reference
    __main                                   0x000000c1   Thumb Code     8  __main.o(!!!main)
    __scatterload                            0x000000c9   Thumb Code     0  __scatter.o(!!!scatter)
    __scatterload_rt2                        0x000000c9   Thumb Code    52  __scatter.o(!!!scatter)
    __scatterload_rt2_thumb_only             0x000000c9   Thumb Code     0  __scatter.o(!!!scatter)
    __scatterload_null                       0x000000d9   Thumb Code     0  __scatter.o(!!!scatter)
    __scatterload_copy                       0x00000105   Thumb Code    26  __scatter_copy.o(!!handler_copy)
    __scatterload_zeroinit                   0x00000121   Thumb Code    28  __scatter_zi.o(!!handler_zi)
    _printf_percent                          0x0000013d   Thumb Code     0  _printf_percent.o(.ARM.Collect$$_printf_percent$$00000000)
    _printf_x                                0x0000013f   Thumb Code     0  _printf_x.o(.ARM.Collect$$_printf_percent$$0000000C)
    _printf_percent_end                      0x00000149   Thumb Code     0  _printf_percent_end.o(.ARM.Collect$$_printf_percent$$00000017)
    __rt_lib_init                            0x0000014d   Thumb Code     0  libinit.o(.ARM.Collect$$libinit$$00000000)
    __rt_lib_init_alloca_1                   0x0000014f   Thumb Code     0  libinit2.o(.ARM.Collect$$libinit$$0000002E)
    __rt_lib_init_argv_1                     0x0000014f   Thumb Code     0  libinit2.o(.ARM.Collect$$libinit$$0000002C)
    __rt_lib_init_atexit_1                   0x0000014f   Thumb Code     0  libinit2.o(.ARM.Collect$$libinit$$0000001B)
    __rt_lib_init_clock_1                    0x0000014f   Thumb Code     0  libinit2.o(.ARM.Collect$$libinit$$00000021)
    __rt_lib_init_cpp_1                      0x0000014f   Thumb Code     0  libinit2.o(.ARM.Collect$$libinit$$00000032)
    __rt_lib_init_exceptions_1               0x0000014f   Thumb Code     0  libinit2.o(.ARM.Collect$$libinit$$00000030)
    __rt_lib_init_fp_1                       0x0000014f   Thumb Code     0  libinit2.o(.ARM.Collect$$libinit$$00000002)
    __rt_lib_init_fp_trap_1                  0x0000014f   Thumb Code     0  libinit2.o(.ARM.Collect$$libinit$$0000001F)
    __rt_lib_init_getenv_1                   0x0000014f   Thumb Code     0  libinit2.o(.ARM.Collect$$libinit$$00000023)
    __rt_lib_init_heap_1                     0x0000014f   Thumb Code     0  libinit2.o(.ARM.Collect$$libinit$$0000000A)
    __rt_lib_init_lc_collate_1               0x0000014f   Thumb Code     0  libinit2.o(.ARM.Collect$$libinit$$00000011)
    __rt_lib_init_lc_ctype_1                 0x0000014f   Thumb Code     0  libinit2.o(.ARM.Collect$$libinit$$00000013)
    __rt_lib_init_lc_monetary_1              0x0000014f   Thumb Code     0  libinit2.o(.ARM.Collect$$libinit$$00000015)
    __rt_lib_init_lc_numeric_1               0x0000014f   Thumb Code     0  libinit2.o(.ARM.Collect$$libinit$$00000017)
    __rt_lib_init_lc_time_1                  0x0000014f   Thumb Code     0  libinit2.o(.ARM.Collect$$libinit$$00000019)
    __rt_lib_init_preinit_1                  0x0000014f   Thumb Code     0  libinit2.o(.ARM.Collect$$libinit$$00000004)
    __rt_lib_init_rand_1                     0x0000014f   Thumb Code     0  libinit2.o(.ARM.Collect$$libinit$$0000000E)
    __rt_lib_init_return                     0x0000014f   Thumb Code     0  libinit2.o(.ARM.Collect$$libinit$$00000033)
    __rt_lib_init_signal_1                   0x0000014f   Thumb Code     0  libinit2.o(.ARM.Collect$$libinit$$0000001D)
    __rt_lib_init_stdio_1                    0x0000014f   Thumb Code     0  libinit2.o(.ARM.Collect$$libinit$$00000025)
    __rt_lib_init_user_alloc_1               0x0000014f   Thumb Code     0  libinit2.o(.ARM.Collect$$libinit$$0000000C)
    __rt_lib_shutdown                        0x00000151   Thumb Code     0  libshutdown.o(.ARM.Collect$$libshutdown$$00000000)
    __rt_lib_shutdown_fp_trap_1              0x00000153   Thumb Code     0  libshutdown2.o(.ARM.Collect$$libshutdown$$00000006)
    __rt_lib_shutdown_heap_1                 0x00000153   Thumb Code     0  libshutdown2.o(.ARM.Collect$$libshutdown$$0000000E)
    __rt_lib_shutdown_return                 0x00000153   Thumb Code     0  libshutdown2.o(.ARM.Collect$$libshutdown$$0000000F)
    __rt_lib_shutdown_signal_1               0x00000153   Thumb Code     0  libshutdown2.o(.ARM.Collect$$libshutdown$$00000009)
    __rt_lib_shutdown_stdio_1                0x00000153   Thumb Code     0  libshutdown2.o(.ARM.Collect$$libshutdown$$00000003)
    __rt_lib_shutdown_user_alloc_1           0x00000153   Thumb Code     0  libshutdown2.o(.ARM.Collect$$libshutdown$$0000000B)
    __rt_entry                               0x00000155   Thumb Code     0  __rtentry.o(.ARM.Collect$$rtentry$$00000000)
    __rt_entry_presh_1                       0x00000155   Thumb Code     0  __rtentry2.o(.ARM.Collect$$rtentry$$00000002)
    __rt_entry_sh                            0x00000155   Thumb Code     0  __rtentry4.o(.ARM.Collect$$rtentry$$00000004)
    __rt_entry_li                            0x0000015b   Thumb Code     0  __rtentry2.o(.ARM.Collect$$rtentry$$0000000A)
    __rt_entry_postsh_1                      0x0000015b   Thumb Code     0  __rtentry2.o(.ARM.Collect$$rtentry$$00000009)
    __rt_entry_main                          0x0000015f   Thumb Code     0  __rtentry2.o(.ARM.Collect$$rtentry$$0000000D)
    __rt_entry_postli_1                      0x0000015f   Thumb Code     0  __rtentry2.o(.ARM.Collect$$rtentry$$0000000C)
    __rt_exit                                0x00000167   Thumb Code     0  rtexit.o(.ARM.Collect$$rtexit$$00000000)
    __rt_exit_ls                             0x00000169   Thumb Code     0  rtexit2.o(.ARM.Collect$$rtexit$$00000003)
    __rt_exit_prels_1                        0x00000169   Thumb Code     0  rtexit2.o(.ARM.Collect$$rtexit$$00000002)
    __rt_exit_exit                           0x0000016d   Thumb Code     0  rtexit2.o(.ARM.Collect$$rtexit$$00000004)
    HardFault_Handler                        0x00000175   Thumb Code    24  retarget.o(.emb_text)
    __aeabi_memcpy4                          0x00000191   Thumb Code    56  rt_memcpy.o(.emb_text)
    __aeabi_memcpy8                          0x00000191   Thumb Code     0  rt_memcpy.o(.emb_text)
    Reset_Handler                            0x000001c9   Thumb Code    28  startup_nano100series.o(.text)
    NMI_Handler                              0x000001e5   Thumb Code     2  startup_nano100series.o(.text)
    SVC_Handler                              0x000001e9   Thumb Code     2  startup_nano100series.o(.text)
    PendSV_Handler                           0x000001eb   Thumb Code     2  startup_nano100series.o(.text)
    SysTick_Handler                          0x000001ed   Thumb Code     2  startup_nano100series.o(.text)
    BOD_IRQHandler                           0x000001ef   Thumb Code     0  startup_nano100series.o(.text)
    DAC_IRQHandler                           0x000001ef   Thumb Code     0  startup_nano100series.o(.text)
    EINT0_IRQHandler                         0x000001ef   Thumb Code     0  startup_nano100series.o(.text)
    EINT1_IRQHandler                         0x000001ef   Thumb Code     0  startup_nano100series.o(.text)
    GPDEF_IRQHandler                         0x000001ef   Thumb Code     0  startup_nano100series.o(.text)
    HIRC_IRQHandler                          0x000001ef   Thumb Code     0  startup_nano100series.o(.text)
    I2C0_IRQHandler                          0x000001ef   Thumb Code     0  startup_nano100series.o(.text)
    I2C1_IRQHandler                          0x000001ef   Thumb Code     0  startup_nano100series.o(.text)
    I2S_IRQHandler                           0x000001ef   Thumb Code     0  startup_nano100series.o(.text)
    LCD_IRQHandler                           0x000001ef   Thumb Code     0  startup_nano100series.o(.text)
    PDMA_IRQHandler                          0x000001ef   Thumb Code     0  startup_nano100series.o(.text)
    PWM0_IRQHandler                          0x000001ef   Thumb Code     0  startup_nano100series.o(.text)
    PWM1_IRQHandler                          0x000001ef   Thumb Code     0  startup_nano100series.o(.text)
    SC0_IRQHandler                           0x000001ef   Thumb Code     0  startup_nano100series.o(.text)
    SC1_IRQHandler                           0x000001ef   Thumb Code     0  startup_nano100series.o(.text)
    SC2_IRQHandler                           0x000001ef   Thumb Code     0  startup_nano100series.o(.text)
    SPI0_IRQHandler                          0x000001ef   Thumb Code     0  startup_nano100series.o(.text)
    SPI1_IRQHandler                          0x000001ef   Thumb Code     0  startup_nano100series.o(.text)
    SPI2_IRQHandler                          0x000001ef   Thumb Code     0  startup_nano100series.o(.text)
    TMR2_IRQHandler                          0x000001ef   Thumb Code     0  startup_nano100series.o(.text)
    TMR3_IRQHandler                          0x000001ef   Thumb Code     0  startup_nano100series.o(.text)
    USBD_IRQHandler                          0x000001ef   Thumb Code     0  startup_nano100series.o(.text)
    WDT_IRQHandler                           0x000001ef   Thumb Code     0  startup_nano100series.o(.text)
    __user_initial_stackheap                 0x000001f1   Thumb Code     0  startup_nano100series.o(.text)
    __2printf                                0x00000229   Thumb Code    22  noretval__2printf.o(.text)
    _printf_int_hex                          0x00000245   Thumb Code    84  _printf_hex_int.o(.text)
    _printf_longlong_hex                     0x00000245   Thumb Code     0  _printf_hex_int.o(.text)
    __printf                                 0x0000029d   Thumb Code   270  __printf_wp.o(.text)
    _memset_w                                0x000003ab   Thumb Code    26  rt_memclr.o(.text)
    _memset                                  0x000003c5   Thumb Code    30  rt_memclr.o(.text)
    __aeabi_memclr                           0x000003e3   Thumb Code     4  rt_memclr.o(.text)
    __rt_memclr                              0x000003e3   Thumb Code     0  rt_memclr.o(.text)
    __aeabi_memclr4                          0x000003e7   Thumb Code     0  rt_memclr.o(.text)
    __aeabi_memclr8                          0x000003e7   Thumb Code     0  rt_memclr.o(.text)
    __rt_memclr_w                            0x000003e7   Thumb Code     4  rt_memclr.o(.text)
    strncpy                                  0x000003ed   Thumb Code   104  strncpy.o(.text)
    __aeabi_uidiv                            0x00000459   Thumb Code     0  aeabi_sdiv.o(.text)
    __aeabi_uidivmod                         0x00000459   Thumb Code    20  aeabi_sdiv.o(.text)
    __aeabi_idiv                             0x0000046d   Thumb Code     0  aeabi_sdiv.o(.text)
    __aeabi_idivmod                          0x0000046d   Thumb Code   326  aeabi_sdiv.o(.text)
    __use_two_region_memory                  0x000005b3   Thumb Code     2  heapauxi.o(.text)
    __rt_heap_escrow$2region                 0x000005b5   Thumb Code     2  heapauxi.o(.text)
    __rt_heap_expand$2region                 0x000005b7   Thumb Code     2  heapauxi.o(.text)
    __aeabi_d2f                              0x000005b9   Thumb Code     0  d2f.o(.text)
    _d2f                                     0x000005b9   Thumb Code   120  d2f.o(.text)
    __aeabi_dadd                             0x0000092d   Thumb Code     0  daddsub.o(.text)
    _dadd                                    0x0000092d   Thumb Code    26  daddsub.o(.text)
    __aeabi_dsub                             0x00000947   Thumb Code     0  daddsub.o(.text)
    _dsub                                    0x00000947   Thumb Code    22  daddsub.o(.text)
    __aeabi_drsub                            0x0000095d   Thumb Code     0  daddsub.o(.text)
    _drsb                                    0x0000095d   Thumb Code    28  daddsub.o(.text)
    __aeabi_ddiv                             0x0000098d   Thumb Code     0  ddiv.o(.text)
    _ddiv                                    0x0000098d   Thumb Code  1072  ddiv.o(.text)
    _drdiv                                   0x00000dbd   Thumb Code    20  ddiv.o(.text)
    __aeabi_d2uiz                            0x00000dd5   Thumb Code     0  dfixui.o(.text)
    _dfixu                                   0x00000dd5   Thumb Code    68  dfixui.o(.text)
    __aeabi_i2d_normalise                    0x00000e1d   Thumb Code    66  dflti.o(.text)
    __aeabi_i2d                              0x00000e5f   Thumb Code    16  dflti.o(.text)
    _dflt                                    0x00000e5f   Thumb Code     0  dflti.o(.text)
    __aeabi_ui2d                             0x00000e6f   Thumb Code     6  dflti.o(.text)
    _dfltu                                   0x00000e6f   Thumb Code     0  dflti.o(.text)
    __aeabi_dmul                             0x00000e75   Thumb Code     0  dmul.o(.text)
    _dmul                                    0x00000e75   Thumb Code   558  dmul.o(.text)
    __aeabi_f2d                              0x000010bd   Thumb Code     0  f2d.o(.text)
    _f2d                                     0x000010bd   Thumb Code    80  f2d.o(.text)
    __aeabi_f2uiz                            0x00001111   Thumb Code     0  ffixui.o(.text)
    _ffixu                                   0x00001111   Thumb Code    48  ffixui.o(.text)
    __read_errno                             0x00001141   Thumb Code    10  _rserrno.o(.text)
    __set_errno                              0x0000114b   Thumb Code    12  _rserrno.o(.text)
    _printf_int_common                       0x00001157   Thumb Code   176  _printf_intcommon.o(.text)
    _printf_char_file                        0x00001209   Thumb Code    34  _printf_char_file.o(.text)
    __fpl_dcmp_InfNaN                        0x00001231   Thumb Code   140  dcmpin.o(.text)
    __ARM_scalbn                             0x000012c1   Thumb Code    84  dscalbn.o(.text)
    __aeabi_errno_addr                       0x00001321   Thumb Code     8  rt_errno_addr_intlibspace.o(.text)
    __errno$intlibspace                      0x00001321   Thumb Code     0  rt_errno_addr_intlibspace.o(.text)
    __rt_errno_addr$intlibspace              0x00001321   Thumb Code     0  rt_errno_addr_intlibspace.o(.text)
    _printf_char_common                      0x00001333   Thumb Code    32  _printf_char_common.o(.text)
    __fpl_cmpreturn                          0x00001359   Thumb Code    44  cmpret.o(.text)
    __fpl_dcheck_NaN2                        0x00001389   Thumb Code    14  dnan2.o(.text)
    _dsqrt                                   0x0000139d   Thumb Code   248  dsqrt.o(.text)
    __user_libspace                          0x0000149d   Thumb Code     8  libspace.o(.text)
    __user_perproc_libspace                  0x0000149d   Thumb Code     0  libspace.o(.text)
    __user_perthread_libspace                0x0000149d   Thumb Code     0  libspace.o(.text)
    __user_setup_stackheap                   0x000014a5   Thumb Code    62  sys_stackheap_outer.o(.text)
    exit                                     0x000014e3   Thumb Code    12  exit.o(.text)
    __fpl_return_NaN                         0x000014ef   Thumb Code    94  retnan.o(.text)
    _sys_exit                                0x0000154d   Thumb Code     8  sys_exit.o(.text)
    __I$use$semihosting                      0x00001559   Thumb Code     0  use_no_semi.o(.text)
    __use_no_semihosting_swi                 0x00001559   Thumb Code     2  use_no_semi.o(.text)
    __semihosting_library_function           0x0000155b   Thumb Code     0  indicate_semi.o(.text)
    ADC_DisableInt                           0x0000155d   Thumb Code    62  adc.o(i.ADC_DisableInt)
    ADC_EnableInt                            0x000015a1   Thumb Code    62  adc.o(i.ADC_EnableInt)
    ADC_IRQHandler                           0x000015e5   Thumb Code    34  user_adc.o(i.ADC_IRQHandler)
    ADC_Init                                 0x00001611   Thumb Code   104  user_adc.o(i.ADC_Init)
    ADC_Open                                 0x00001681   Thumb Code    54  adc.o(i.ADC_Open)
    ADC_convert                              0x000016bd   Thumb Code  2024  user_adc.o(i.ADC_convert)
    BLE_usart_RX_Clear                       0x00001ed9   Thumb Code    42  user_usart.o(i.BLE_usart_RX_Clear)
    BLE_usart_service                        0x00001f09   Thumb Code   174  user_usart.o(i.BLE_usart_service)
    Blewrite                                 0x00001fc9   Thumb Code    18  app.o(i.Blewrite)
    CLK_EnableModuleClock                    0x00001fe1   Thumb Code    32  clk.o(i.CLK_EnableModuleClock)
    CLK_EnableXtalRC                         0x00002005   Thumb Code    72  clk.o(i.CLK_EnableXtalRC)
    CLK_GetHCLKFreq                          0x00002051   Thumb Code    12  clk.o(i.CLK_GetHCLKFreq)
    CLK_GetPLLClockFreq                      0x00002061   Thumb Code   120  clk.o(i.CLK_GetPLLClockFreq)
    CLK_PowerDown                            0x000020e1   Thumb Code    22  clk.o(i.CLK_PowerDown)
    CLK_SetHCLK                              0x00002101   Thumb Code    94  clk.o(i.CLK_SetHCLK)
    CLK_SetModuleClock                       0x00002165   Thumb Code    94  clk.o(i.CLK_SetModuleClock)
    CLK_SysTickDelay                         0x000021c9   Thumb Code    42  clk.o(i.CLK_SysTickDelay)
    CLK_WaitClockReady                       0x000021fd   Thumb Code    32  clk.o(i.CLK_WaitClockReady)
    Delay                                    0x00002225   Thumb Code    18  platform.o(i.Delay)
    Execute_Cmd                              0x00002239   Thumb Code  6958  app.o(i.Execute_Cmd)
    GPABC_IRQHandler                         0x00003d81   Thumb Code   104  platform.o(i.GPABC_IRQHandler)
    GPIO_DisableInt                          0x00003df5   Thumb Code    22  gpio.o(i.GPIO_DisableInt)
    GPIO_EnableInt                           0x00003e11   Thumb Code    26  gpio.o(i.GPIO_EnableInt)
    GPIO_Init                                0x00003e2d   Thumb Code   384  platform.o(i.GPIO_Init)
    GPIO_Int_Disable                         0x00003fbd   Thumb Code    34  platform.o(i.GPIO_Int_Disable)
    GPIO_Int_Enable                          0x00003fe5   Thumb Code    42  platform.o(i.GPIO_Int_Enable)
    GPIO_SetMode                             0x00004015   Thumb Code    46  gpio.o(i.GPIO_SetMode)
    Hard_Fault_Handler                       0x00004045   Thumb Code    18  retarget.o(i.Hard_Fault_Handler)
    IRsensor_ADC_convert                     0x00004071   Thumb Code   324  user_adc.o(i.IRsensor_ADC_convert)
    Leave_PowerDown                          0x000041c5   Thumb Code    20  platform.o(i.Leave_PowerDown)
    MX_SPI1_Init                             0x000041dd   Thumb Code    54  user_spi.o(i.MX_SPI1_Init)
    PDWU_IRQHandler                          0x0000426d   Thumb Code    14  platform.o(i.PDWU_IRQHandler)
    RTC_EnableInt                            0x00004281   Thumb Code    40  rtc.o(i.RTC_EnableInt)
    RTC_IRQHandler                           0x000042b1   Thumb Code    90  platform.o(i.RTC_IRQHandler)
    RTC_Open                                 0x00004311   Thumb Code   380  rtc.o(i.RTC_Open)
    RTC_SetTickPeriod                        0x0000449d   Thumb Code    44  rtc.o(i.RTC_SetTickPeriod)
    RestorePinSetting                        0x000044d1   Thumb Code   130  platform.o(i.RestorePinSetting)
    SENSOR_usart_RX_Clear                    0x00004569   Thumb Code    42  user_usart.o(i.SENSOR_usart_RX_Clear)
    SENSOR_usart_service                     0x00004599   Thumb Code    48  user_usart.o(i.SENSOR_usart_service)
    SPI_DisableAutoSS                        0x000045cd   Thumb Code    10  spi.o(i.SPI_DisableAutoSS)
    SPI_FLASH_PageWrite                      0x000045d9   Thumb Code   110  w25q64.o(i.SPI_FLASH_PageWrite)
    SPI_Flash_ReadBuffer                     0x0000464d   Thumb Code    94  w25q64.o(i.SPI_Flash_ReadBuffer)
    SPI_Flash_ReadID                         0x000046b1   Thumb Code    84  w25q64.o(i.SPI_Flash_ReadID)
    SPI_Flash_WaitForWriteEnd                0x00004709   Thumb Code    36  w25q64.o(i.SPI_Flash_WaitForWriteEnd)
    SPI_Flash_Write_Enable                   0x00004731   Thumb Code    36  w25q64.o(i.SPI_Flash_Write_Enable)
    SPI_Flash_Writebuffer                    0x00004759   Thumb Code   296  w25q64.o(i.SPI_Flash_Writebuffer)
    SPI_Open                                 0x00004881   Thumb Code    34  spi.o(i.SPI_Open)
    SPI_SendByte                             0x000048a5   Thumb Code    46  user_spi.o(i.SPI_SendByte)
    SPI_SetBusClock                          0x000048d9   Thumb Code   158  spi.o(i.SPI_SetBusClock)
    SYS_Init                                 0x00004985   Thumb Code   330  platform.o(i.SYS_Init)
    SavePinSetting                           0x00004b01   Thumb Code   124  platform.o(i.SavePinSetting)
    Self_test                                0x00004b91   Thumb Code   768  app.o(i.Self_test)
    SendChar                                 0x00004ed5   Thumb Code    12  retarget.o(i.SendChar)
    SendChar_ToUART                          0x00004ee1   Thumb Code     2  retarget.o(i.SendChar_ToUART)
    Sensorwrite                              0x00004ee5   Thumb Code    18  app.o(i.Sensorwrite)
    SysGet_HCLKFreq                          0x00004efd   Thumb Code    68  system_nano100series.o(i.SysGet_HCLKFreq)
    SysGet_PLLClockFreq                      0x00004f4d   Thumb Code   120  system_nano100series.o(i.SysGet_PLLClockFreq)
    SystemCoreClockUpdate                    0x00004fcd   Thumb Code    30  system_nano100series.o(i.SystemCoreClockUpdate)
    TIMER_GetModuleClock                     0x00004ff9   Thumb Code   102  timer.o(i.TIMER_GetModuleClock)
    TIMER_Open                               0x00005079   Thumb Code   102  timer.o(i.TIMER_Open)
    TMR0_IRQHandler                          0x000050e1   Thumb Code    70  user_usart.o(i.TMR0_IRQHandler)
    TMR1_IRQHandler                          0x00005139   Thumb Code   224  platform.o(i.TMR1_IRQHandler)
    Timer0_Init                              0x00005241   Thumb Code    54  user_usart.o(i.Timer0_Init)
    Timer1_Init                              0x0000527d   Thumb Code    52  platform.o(i.Timer1_Init)
    UART0_HANDLE                             0x000052b5   Thumb Code    78  user_usart.o(i.UART0_HANDLE)
    UART0_IRQHandler                         0x0000530d   Thumb Code     8  user_usart.o(i.UART0_IRQHandler)
    UART0_Init                               0x00005315   Thumb Code    38  user_usart.o(i.UART0_Init)
    UART1_HANDLE                             0x00005349   Thumb Code    80  user_usart.o(i.UART1_HANDLE)
    UART1_IRQHandler                         0x000053a1   Thumb Code     8  user_usart.o(i.UART1_IRQHandler)
    UART1_Init                               0x000053a9   Thumb Code    38  user_usart.o(i.UART1_Init)
    UART_Open                                0x000053dd   Thumb Code   146  uart.o(i.UART_Open)
    UART_Write                               0x0000547d   Thumb Code    54  uart.o(i.UART_Write)
    W25QXX_Erase_Sector                      0x000054b5   Thumb Code    74  w25q64.o(i.W25QXX_Erase_Sector)
    __ARM_common_switch8                     0x00005505   Thumb Code    28  platform.o(i.__ARM_common_switch8)
    __ARM_fpclassify                         0x00005521   Thumb Code    40  fpclassify.o(i.__ARM_fpclassify)
    __kernel_poly                            0x0000554d   Thumb Code   172  poly.o(i.__kernel_poly)
    __mathlib_dbl_divzero                    0x000055f9   Thumb Code    16  dunder.o(i.__mathlib_dbl_divzero)
    __mathlib_dbl_infnan2                    0x0000560d   Thumb Code     8  dunder.o(i.__mathlib_dbl_infnan2)
    __mathlib_dbl_invalid                    0x00005615   Thumb Code    16  dunder.o(i.__mathlib_dbl_invalid)
    __mathlib_dbl_overflow                   0x00005625   Thumb Code    16  dunder.o(i.__mathlib_dbl_overflow)
    __mathlib_dbl_underflow                  0x00005639   Thumb Code    14  dunder.o(i.__mathlib_dbl_underflow)
    _is_digit                                0x0000564d   Thumb Code    14  __printf_wp.o(i._is_digit)
    end_handle                               0x0000565d   Thumb Code    46  platform.o(i.end_handle)
    enter_stop                               0x00005691   Thumb Code   204  platform.o(i.enter_stop)
    error_handle                             0x0000576d   Thumb Code    76  platform.o(i.error_handle)
    ferror                                   0x000057bd   Thumb Code     8  retarget.o(i.ferror)
    fputc                                    0x000057c5   Thumb Code    16  retarget.o(i.fputc)
    main                                     0x000057d5   Thumb Code   530  main.o(i.main)
    pow                                      0x00005a41   Thumb Code  2428  pow.o(i.pow)
    power_ADC_convert                        0x000063c1   Thumb Code   154  user_adc.o(i.power_ADC_convert)
    power_off                                0x00006479   Thumb Code    50  platform.o(i.power_off)
    power_on                                 0x000064b1   Thumb Code    52  platform.o(i.power_on)
    select_usart                             0x000064e9   Thumb Code    96  platform.o(i.select_usart)
    set_ID                                   0x0000654d   Thumb Code    90  platform.o(i.set_ID)
    set_IR                                   0x000065b5   Thumb Code    98  platform.o(i.set_IR)
    set_bt_name                              0x00006625   Thumb Code   642  app.o(i.set_bt_name)
    set_err                                  0x000068d1   Thumb Code   346  platform.o(i.set_err)
    sqrt                                     0x00006a3d   Thumb Code    66  sqrt.o(i.sqrt)
    stackDump                                0x00006a85   Thumb Code    70  retarget.o(i.stackDump)
    start_handle                             0x00006b2d   Thumb Code    22  platform.o(i.start_handle)
    usart_receive_1_16_ctrl                  0x00006b49   Thumb Code   260  platform.o(i.usart_receive_1_16_ctrl)
    usart_send_1_4_ctrl                      0x00006c4d   Thumb Code    62  platform.o(i.usart_send_1_4_ctrl)
    __aeabi_cdcmple                          0x00006c8d   Thumb Code     0  dlef.o(x$fpl$dleqf)
    _dcmple                                  0x00006c8d   Thumb Code    94  dlef.o(x$fpl$dleqf)
    __aeabi_cdrcmple                         0x00006cf1   Thumb Code     0  drlef.o(x$fpl$drleqf)
    _drcmple                                 0x00006cf1   Thumb Code   100  drlef.o(x$fpl$drleqf)
    __aeabi_fmul                             0x00006d59   Thumb Code     0  fmul.o(x$fpl$fmul)
    _fmul                                    0x00006d59   Thumb Code   172  fmul.o(x$fpl$fmul)
    __I$use$fp                               0x00006e08   Number         0  usenofp.o(x$fpl$usenofp)
    __mathlib_zero                           0x00006fc8   Data           8  qnan.o(.constdata)
    Region$$Table$$Base                      0x00006fd0   Number         0  anon$$obj.o(Region$$Table)
    Region$$Table$$Limit                     0x00006ff0   Number         0  anon$$obj.o(Region$$Table)
    SystemCoreClock                          0x20000000   Data           4  system_nano100series.o(.data)
    CyclesPerUs                              0x20000004   Data           4  system_nano100series.o(.data)
    flag_detect                              0x20000008   Data           2  platform.o(.data)
    flag_poweron                             0x2000000a   Data           2  platform.o(.data)
    flag_500ms_tick                          0x2000000c   Data           1  platform.o(.data)
    _Wakeup_Flag                             0x20000010   Data           4  platform.o(.data)
    flag_BLE_OK                              0x20000014   Data           1  user_usart.o(.data)
    flag_BLE_newline                         0x20000015   Data           1  user_usart.o(.data)
    flag_BLE_CMD                             0x20000016   Data           1  user_usart.o(.data)
    SENSOR_usart                             0x20000018   Data          36  user_usart.o(.data)
    BLE_usart                                0x2000003c   Data          36  user_usart.o(.data)
    MEASURE_TIMEOUT                          0x20000060   Data           2  w25q64.o(.data)
    u8ADF                                    0x20000062   Data           1  user_adc.o(.data)
    wakeup_timeout                           0x20000064   Data           2  main.o(.data)
    wakeup_cnt                               0x20000066   Data           2  main.o(.data)
    flag_wakeup                              0x20000068   Data           1  main.o(.data)
    flag_con_discon                          0x20000069   Data           1  main.o(.data)
    flag_bt_timeout                          0x2000006a   Data           1  main.o(.data)
    g_bAlarm                                 0x2000006c   Data           4  main.o(.data)
    Self_test_flag                           0x20000070   Data           1  app.o(.data)
    Self_sensor_flag                         0x20000072   Data           2  app.o(.data)
    IR_co                                    0x20000074   Data           8  app.o(.data)
    __stdout                                 0x2000007c   Data           4  retarget.o(.data)
    __stdin                                  0x20000080   Data           4  retarget.o(.data)
    temp                                     0x200000bc   Data          38  platform.o(.bss)
    ID_temp                                  0x200000e2   Data          38  platform.o(.bss)
    _Pin_Setting                             0x20000108   Data          44  platform.o(.bss)
    _PullUp_Setting                          0x20000134   Data          24  platform.o(.bss)
    p_battery                                0x2000014c   Data          20  main.o(.bss)
    ERR_Com                                  0x20000160   Data          32  app.o(.bss)
    __libspace_start                         0x20000180   Data          96  libspace.o(.bss)
    __temporary_stack_top$libspace           0x200001e0   Data           0  libspace.o(.bss)



==============================================================================

Memory Map of the image

  Image Entry point : 0x000000c1

  Load Region LR_IROM1 (Base: 0x00000000, Size: 0x000070ac, Max: 0x00010000, ABSOLUTE)

    Execution Region ER_IROM1 (Base: 0x00000000, Size: 0x00006ff0, Max: 0x00010000, ABSOLUTE)

    Base Addr    Size         Type   Attr      Idx    E Section Name        Object

    0x00000000   0x000000c0   Data   RO            3    RESET               startup_nano100series.o
    0x000000c0   0x00000008   Code   RO         2687  * !!!main             c_p.l(__main.o)
    0x000000c8   0x0000003c   Code   RO         2948    !!!scatter          c_p.l(__scatter.o)
    0x00000104   0x0000001a   Code   RO         2950    !!handler_copy      c_p.l(__scatter_copy.o)
    0x0000011e   0x00000002   PAD
    0x00000120   0x0000001c   Code   RO         2952    !!handler_zi        c_p.l(__scatter_zi.o)
    0x0000013c   0x00000002   Code   RO         2672    .ARM.Collect$$_printf_percent$$00000000  c_p.l(_printf_percent.o)
    0x0000013e   0x0000000a   Code   RO         2671    .ARM.Collect$$_printf_percent$$0000000C  c_p.l(_printf_x.o)
    0x00000148   0x00000004   Code   RO         2733    .ARM.Collect$$_printf_percent$$00000017  c_p.l(_printf_percent_end.o)
    0x0000014c   0x00000002   Code   RO         2821    .ARM.Collect$$libinit$$00000000  c_p.l(libinit.o)
    0x0000014e   0x00000000   Code   RO         2834    .ARM.Collect$$libinit$$00000002  c_p.l(libinit2.o)
    0x0000014e   0x00000000   Code   RO         2836    .ARM.Collect$$libinit$$00000004  c_p.l(libinit2.o)
    0x0000014e   0x00000000   Code   RO         2839    .ARM.Collect$$libinit$$0000000A  c_p.l(libinit2.o)
    0x0000014e   0x00000000   Code   RO         2841    .ARM.Collect$$libinit$$0000000C  c_p.l(libinit2.o)
    0x0000014e   0x00000000   Code   RO         2843    .ARM.Collect$$libinit$$0000000E  c_p.l(libinit2.o)
    0x0000014e   0x00000000   Code   RO         2846    .ARM.Collect$$libinit$$00000011  c_p.l(libinit2.o)
    0x0000014e   0x00000000   Code   RO         2848    .ARM.Collect$$libinit$$00000013  c_p.l(libinit2.o)
    0x0000014e   0x00000000   Code   RO         2850    .ARM.Collect$$libinit$$00000015  c_p.l(libinit2.o)
    0x0000014e   0x00000000   Code   RO         2852    .ARM.Collect$$libinit$$00000017  c_p.l(libinit2.o)
    0x0000014e   0x00000000   Code   RO         2854    .ARM.Collect$$libinit$$00000019  c_p.l(libinit2.o)
    0x0000014e   0x00000000   Code   RO         2856    .ARM.Collect$$libinit$$0000001B  c_p.l(libinit2.o)
    0x0000014e   0x00000000   Code   RO         2858    .ARM.Collect$$libinit$$0000001D  c_p.l(libinit2.o)
    0x0000014e   0x00000000   Code   RO         2860    .ARM.Collect$$libinit$$0000001F  c_p.l(libinit2.o)
    0x0000014e   0x00000000   Code   RO         2862    .ARM.Collect$$libinit$$00000021  c_p.l(libinit2.o)
    0x0000014e   0x00000000   Code   RO         2864    .ARM.Collect$$libinit$$00000023  c_p.l(libinit2.o)
    0x0000014e   0x00000000   Code   RO         2866    .ARM.Collect$$libinit$$00000025  c_p.l(libinit2.o)
    0x0000014e   0x00000000   Code   RO         2870    .ARM.Collect$$libinit$$0000002C  c_p.l(libinit2.o)
    0x0000014e   0x00000000   Code   RO         2872    .ARM.Collect$$libinit$$0000002E  c_p.l(libinit2.o)
    0x0000014e   0x00000000   Code   RO         2874    .ARM.Collect$$libinit$$00000030  c_p.l(libinit2.o)
    0x0000014e   0x00000000   Code   RO         2876    .ARM.Collect$$libinit$$00000032  c_p.l(libinit2.o)
    0x0000014e   0x00000002   Code   RO         2877    .ARM.Collect$$libinit$$00000033  c_p.l(libinit2.o)
    0x00000150   0x00000002   Code   RO         2906    .ARM.Collect$$libshutdown$$00000000  c_p.l(libshutdown.o)
    0x00000152   0x00000000   Code   RO         2933    .ARM.Collect$$libshutdown$$00000003  c_p.l(libshutdown2.o)
    0x00000152   0x00000000   Code   RO         2936    .ARM.Collect$$libshutdown$$00000006  c_p.l(libshutdown2.o)
    0x00000152   0x00000000   Code   RO         2939    .ARM.Collect$$libshutdown$$00000009  c_p.l(libshutdown2.o)
    0x00000152   0x00000000   Code   RO         2941    .ARM.Collect$$libshutdown$$0000000B  c_p.l(libshutdown2.o)
    0x00000152   0x00000000   Code   RO         2944    .ARM.Collect$$libshutdown$$0000000E  c_p.l(libshutdown2.o)
    0x00000152   0x00000002   Code   RO         2945    .ARM.Collect$$libshutdown$$0000000F  c_p.l(libshutdown2.o)
    0x00000154   0x00000000   Code   RO         2720    .ARM.Collect$$rtentry$$00000000  c_p.l(__rtentry.o)
    0x00000154   0x00000000   Code   RO         2769    .ARM.Collect$$rtentry$$00000002  c_p.l(__rtentry2.o)
    0x00000154   0x00000006   Code   RO         2781    .ARM.Collect$$rtentry$$00000004  c_p.l(__rtentry4.o)
    0x0000015a   0x00000000   Code   RO         2771    .ARM.Collect$$rtentry$$00000009  c_p.l(__rtentry2.o)
    0x0000015a   0x00000004   Code   RO         2772    .ARM.Collect$$rtentry$$0000000A  c_p.l(__rtentry2.o)
    0x0000015e   0x00000000   Code   RO         2774    .ARM.Collect$$rtentry$$0000000C  c_p.l(__rtentry2.o)
    0x0000015e   0x00000008   Code   RO         2775    .ARM.Collect$$rtentry$$0000000D  c_p.l(__rtentry2.o)
    0x00000166   0x00000002   Code   RO         2825    .ARM.Collect$$rtexit$$00000000  c_p.l(rtexit.o)
    0x00000168   0x00000000   Code   RO         2881    .ARM.Collect$$rtexit$$00000002  c_p.l(rtexit2.o)
    0x00000168   0x00000004   Code   RO         2882    .ARM.Collect$$rtexit$$00000003  c_p.l(rtexit2.o)
    0x0000016c   0x00000006   Code   RO         2883    .ARM.Collect$$rtexit$$00000004  c_p.l(rtexit2.o)
    0x00000172   0x00000002   PAD
    0x00000174   0x0000001c   Code   RO         1743    .emb_text           retarget.o
    0x00000190   0x00000038   Code   RO         2673    .emb_text           c_p.l(rt_memcpy.o)
    0x000001c8   0x00000060   Code   RO            4    .text               startup_nano100series.o
    0x00000228   0x0000001c   Code   RO         2626    .text               c_p.l(noretval__2printf.o)
    0x00000244   0x00000058   Code   RO         2633    .text               c_p.l(_printf_hex_int.o)
    0x0000029c   0x0000010e   Code   RO         2659    .text               c_p.l(__printf_wp.o)
    0x000003aa   0x00000040   Code   RO         2677    .text               c_p.l(rt_memclr.o)
    0x000003ea   0x00000002   PAD
    0x000003ec   0x0000006c   Code   RO         2679    .text               c_p.l(strncpy.o)
    0x00000458   0x0000015a   Code   RO         2681    .text               c_p.l(aeabi_sdiv.o)
    0x000005b2   0x00000006   Code   RO         2685    .text               c_p.l(heapauxi.o)
    0x000005b8   0x0000007c   Code   RO         2689    .text               fz_ps.l(d2f.o)
    0x00000634   0x00000358   Code   RO         2691    .text               fz_ps.l(daddsub.o)
    0x0000098c   0x00000448   Code   RO         2693    .text               fz_ps.l(ddiv.o)
    0x00000dd4   0x00000048   Code   RO         2696    .text               fz_ps.l(dfixui.o)
    0x00000e1c   0x00000058   Code   RO         2698    .text               fz_ps.l(dflti.o)
    0x00000e74   0x00000248   Code   RO         2702    .text               fz_ps.l(dmul.o)
    0x000010bc   0x00000054   Code   RO         2704    .text               fz_ps.l(f2d.o)
    0x00001110   0x00000030   Code   RO         2706    .text               fz_ps.l(ffixui.o)
    0x00001140   0x00000016   Code   RO         2727    .text               c_p.l(_rserrno.o)
    0x00001156   0x000000b0   Code   RO         2729    .text               c_p.l(_printf_intcommon.o)
    0x00001206   0x00000002   PAD
    0x00001208   0x00000028   Code   RO         2731    .text               c_p.l(_printf_char_file.o)
    0x00001230   0x00000090   Code   RO         2734    .text               fz_ps.l(dcmpin.o)
    0x000012c0   0x00000060   Code   RO         2738    .text               fz_ps.l(dscalbn.o)
    0x00001320   0x00000008   Code   RO         2792    .text               c_p.l(rt_errno_addr_intlibspace.o)
    0x00001328   0x00000030   Code   RO         2794    .text               c_p.l(_printf_char_common.o)
    0x00001358   0x00000030   Code   RO         2796    .text               fz_ps.l(cmpret.o)
    0x00001388   0x00000014   Code   RO         2798    .text               fz_ps.l(dnan2.o)
    0x0000139c   0x00000100   Code   RO         2800    .text               fz_ps.l(dsqrt.o)
    0x0000149c   0x00000008   Code   RO         2802    .text               c_p.l(libspace.o)
    0x000014a4   0x0000003e   Code   RO         2805    .text               c_p.l(sys_stackheap_outer.o)
    0x000014e2   0x0000000c   Code   RO         2810    .text               c_p.l(exit.o)
    0x000014ee   0x0000005e   Code   RO         2822    .text               fz_ps.l(retnan.o)
    0x0000154c   0x0000000c   Code   RO         2878    .text               c_p.l(sys_exit.o)
    0x00001558   0x00000002   Code   RO         2895    .text               c_p.l(use_no_semi.o)
    0x0000155a   0x00000000   Code   RO         2897    .text               c_p.l(indicate_semi.o)
    0x0000155a   0x00000002   PAD
    0x0000155c   0x00000044   Code   RO          758    i.ADC_DisableInt    adc.o
    0x000015a0   0x00000044   Code   RO          761    i.ADC_EnableInt     adc.o
    0x000015e4   0x0000002c   Code   RO          577    i.ADC_IRQHandler    user_adc.o
    0x00001610   0x00000070   Code   RO          578    i.ADC_Init          user_adc.o
    0x00001680   0x0000003c   Code   RO          763    i.ADC_Open          adc.o
    0x000016bc   0x0000081c   Code   RO          579    i.ADC_convert       user_adc.o
    0x00001ed8   0x00000030   Code   RO          359    i.BLE_usart_RX_Clear  user_usart.o
    0x00001f08   0x000000c0   Code   RO          360    i.BLE_usart_service  user_usart.o
    0x00001fc8   0x00000018   Code   RO          694    i.Blewrite          app.o
    0x00001fe0   0x00000024   Code   RO          830    i.CLK_EnableModuleClock  clk.o
    0x00002004   0x0000004c   Code   RO          833    i.CLK_EnableXtalRC  clk.o
    0x00002050   0x00000010   Code   RO          835    i.CLK_GetHCLKFreq   clk.o
    0x00002060   0x00000080   Code   RO          838    i.CLK_GetPLLClockFreq  clk.o
    0x000020e0   0x00000020   Code   RO          840    i.CLK_PowerDown     clk.o
    0x00002100   0x00000064   Code   RO          842    i.CLK_SetHCLK       clk.o
    0x00002164   0x00000064   Code   RO          843    i.CLK_SetModuleClock  clk.o
    0x000021c8   0x00000034   Code   RO          844    i.CLK_SysTickDelay  clk.o
    0x000021fc   0x00000028   Code   RO          845    i.CLK_WaitClockReady  clk.o
    0x00002224   0x00000012   Code   RO          137    i.Delay             platform.o
    0x00002236   0x00000002   PAD
    0x00002238   0x00001b48   Code   RO          695    i.Execute_Cmd       app.o
    0x00003d80   0x00000074   Code   RO          138    i.GPABC_IRQHandler  platform.o
    0x00003df4   0x0000001c   Code   RO         1196    i.GPIO_DisableInt   gpio.o
    0x00003e10   0x0000001a   Code   RO         1197    i.GPIO_EnableInt    gpio.o
    0x00003e2a   0x00000002   PAD
    0x00003e2c   0x00000190   Code   RO          139    i.GPIO_Init         platform.o
    0x00003fbc   0x00000028   Code   RO          140    i.GPIO_Int_Disable  platform.o
    0x00003fe4   0x00000030   Code   RO          141    i.GPIO_Int_Enable   platform.o
    0x00004014   0x0000002e   Code   RO         1198    i.GPIO_SetMode      gpio.o
    0x00004042   0x00000002   PAD
    0x00004044   0x0000002c   Code   RO         1745    i.Hard_Fault_Handler  retarget.o
    0x00004070   0x00000154   Code   RO          580    i.IRsensor_ADC_convert  user_adc.o
    0x000041c4   0x00000018   Code   RO          143    i.Leave_PowerDown   platform.o
    0x000041dc   0x00000040   Code   RO          545    i.MX_SPI1_Init      user_spi.o
    0x0000421c   0x00000014   Code   RO          144    i.NVIC_DisableIRQ   platform.o
    0x00004230   0x00000014   Code   RO          361    i.NVIC_DisableIRQ   user_usart.o
    0x00004244   0x00000014   Code   RO          145    i.NVIC_EnableIRQ    platform.o
    0x00004258   0x00000014   Code   RO          362    i.NVIC_EnableIRQ    user_usart.o
    0x0000426c   0x00000014   Code   RO          146    i.PDWU_IRQHandler   platform.o
    0x00004280   0x00000030   Code   RO         1838    i.RTC_EnableInt     rtc.o
    0x000042b0   0x00000060   Code   RO          147    i.RTC_IRQHandler    platform.o
    0x00004310   0x0000018c   Code   RO         1843    i.RTC_Open          rtc.o
    0x0000449c   0x00000034   Code   RO         1849    i.RTC_SetTickPeriod  rtc.o
    0x000044d0   0x00000098   Code   RO          148    i.RestorePinSetting  platform.o
    0x00004568   0x00000030   Code   RO          363    i.SENSOR_usart_RX_Clear  user_usart.o
    0x00004598   0x00000034   Code   RO          364    i.SENSOR_usart_service  user_usart.o
    0x000045cc   0x0000000a   Code   RO         2086    i.SPI_DisableAutoSS  spi.o
    0x000045d6   0x00000002   PAD
    0x000045d8   0x00000074   Code   RO          462    i.SPI_FLASH_PageWrite  w25q64.o
    0x0000464c   0x00000064   Code   RO          465    i.SPI_Flash_ReadBuffer  w25q64.o
    0x000046b0   0x00000058   Code   RO          466    i.SPI_Flash_ReadID  w25q64.o
    0x00004708   0x00000028   Code   RO          469    i.SPI_Flash_WaitForWriteEnd  w25q64.o
    0x00004730   0x00000028   Code   RO          470    i.SPI_Flash_Write_Enable  w25q64.o
    0x00004758   0x00000128   Code   RO          471    i.SPI_Flash_Writebuffer  w25q64.o
    0x00004880   0x00000022   Code   RO         2095    i.SPI_Open          spi.o
    0x000048a2   0x00000002   PAD
    0x000048a4   0x00000034   Code   RO          547    i.SPI_SendByte      user_spi.o
    0x000048d8   0x000000ac   Code   RO         2096    i.SPI_SetBusClock   spi.o
    0x00004984   0x0000017c   Code   RO          149    i.SYS_Init          platform.o
    0x00004b00   0x00000090   Code   RO          150    i.SavePinSetting    platform.o
    0x00004b90   0x00000344   Code   RO          696    i.Self_test         app.o
    0x00004ed4   0x0000000c   Code   RO         1747    i.SendChar          retarget.o
    0x00004ee0   0x00000002   Code   RO         1748    i.SendChar_ToUART   retarget.o
    0x00004ee2   0x00000002   PAD
    0x00004ee4   0x00000018   Code   RO          697    i.Sensorwrite       app.o
    0x00004efc   0x00000050   Code   RO           12    i.SysGet_HCLKFreq   system_nano100series.o
    0x00004f4c   0x00000080   Code   RO           13    i.SysGet_PLLClockFreq  system_nano100series.o
    0x00004fcc   0x0000002c   Code   RO           14    i.SystemCoreClockUpdate  system_nano100series.o
    0x00004ff8   0x00000080   Code   RO         2275    i.TIMER_GetModuleClock  timer.o
    0x00005078   0x00000066   Code   RO         2276    i.TIMER_Open        timer.o
    0x000050de   0x00000002   PAD
    0x000050e0   0x00000058   Code   RO          365    i.TMR0_IRQHandler   user_usart.o
    0x00005138   0x00000108   Code   RO          151    i.TMR1_IRQHandler   platform.o
    0x00005240   0x0000003c   Code   RO          366    i.Timer0_Init       user_usart.o
    0x0000527c   0x00000038   Code   RO          152    i.Timer1_Init       platform.o
    0x000052b4   0x00000058   Code   RO          367    i.UART0_HANDLE      user_usart.o
    0x0000530c   0x00000008   Code   RO          368    i.UART0_IRQHandler  user_usart.o
    0x00005314   0x00000034   Code   RO          369    i.UART0_Init        user_usart.o
    0x00005348   0x00000058   Code   RO          370    i.UART1_HANDLE      user_usart.o
    0x000053a0   0x00000008   Code   RO          371    i.UART1_IRQHandler  user_usart.o
    0x000053a8   0x00000034   Code   RO          372    i.UART1_Init        user_usart.o
    0x000053dc   0x000000a0   Code   RO         2360    i.UART_Open         uart.o
    0x0000547c   0x00000036   Code   RO         2367    i.UART_Write        uart.o
    0x000054b2   0x00000002   PAD
    0x000054b4   0x00000050   Code   RO          472    i.W25QXX_Erase_Sector  w25q64.o
    0x00005504   0x0000001c   Code   RO          316    i.__ARM_common_switch8  platform.o
    0x00005520   0x0000002c   Code   RO         2755    i.__ARM_fpclassify  m_ps.l(fpclassify.o)
    0x0000554c   0x000000ac   Code   RO         2757    i.__kernel_poly     m_ps.l(poly.o)
    0x000055f8   0x00000014   Code   RO         2741    i.__mathlib_dbl_divzero  m_ps.l(dunder.o)
    0x0000560c   0x00000008   Code   RO         2743    i.__mathlib_dbl_infnan2  m_ps.l(dunder.o)
    0x00005614   0x00000010   Code   RO         2744    i.__mathlib_dbl_invalid  m_ps.l(dunder.o)
    0x00005624   0x00000014   Code   RO         2745    i.__mathlib_dbl_overflow  m_ps.l(dunder.o)
    0x00005638   0x00000014   Code   RO         2747    i.__mathlib_dbl_underflow  m_ps.l(dunder.o)
    0x0000564c   0x0000000e   Code   RO         2661    i._is_digit         c_p.l(__printf_wp.o)
    0x0000565a   0x00000002   PAD
    0x0000565c   0x00000034   Code   RO          153    i.end_handle        platform.o
    0x00005690   0x000000dc   Code   RO          154    i.enter_stop        platform.o
    0x0000576c   0x00000050   Code   RO          155    i.error_handle      platform.o
    0x000057bc   0x00000008   Code   RO         1750    i.ferror            retarget.o
    0x000057c4   0x00000010   Code   RO         1752    i.fputc             retarget.o
    0x000057d4   0x0000026c   Code   RO          632    i.main              main.o
    0x00005a40   0x00000980   Code   RO         2711    i.pow               m_ps.l(pow.o)
    0x000063c0   0x000000b8   Code   RO          581    i.power_ADC_convert  user_adc.o
    0x00006478   0x00000038   Code   RO          156    i.power_off         platform.o
    0x000064b0   0x00000038   Code   RO          157    i.power_on          platform.o
    0x000064e8   0x00000064   Code   RO          158    i.select_usart      platform.o
    0x0000654c   0x00000068   Code   RO          159    i.set_ID            platform.o
    0x000065b4   0x00000070   Code   RO          160    i.set_IR            platform.o
    0x00006624   0x000002ac   Code   RO          699    i.set_bt_name       app.o
    0x000068d0   0x0000016c   Code   RO          161    i.set_err           platform.o
    0x00006a3c   0x00000048   Code   RO         2761    i.sqrt              m_ps.l(sqrt.o)
    0x00006a84   0x000000a8   Code   RO         1754    i.stackDump         retarget.o
    0x00006b2c   0x0000001c   Code   RO          162    i.start_handle      platform.o
    0x00006b48   0x00000104   Code   RO          163    i.usart_receive_1_16_ctrl  platform.o
    0x00006c4c   0x0000003e   Code   RO          164    i.usart_send_1_4_ctrl  platform.o
    0x00006c8a   0x00000002   PAD
    0x00006c8c   0x00000064   Code   RO         2700    x$fpl$dleqf         fz_ps.l(dlef.o)
    0x00006cf0   0x00000068   Code   RO         2736    x$fpl$drleqf        fz_ps.l(drlef.o)
    0x00006d58   0x000000b0   Code   RO         2708    x$fpl$fmul          fz_ps.l(fmul.o)
    0x00006e08   0x00000000   Code   RO         2740    x$fpl$usenofp       fz_ps.l(usenofp.o)
    0x00006e08   0x0000004f   Data   RO          701    .constdata          app.o
    0x00006e57   0x00000001   PAD
    0x00006e58   0x00000010   Data   RO         2279    .constdata          timer.o
    0x00006e68   0x00000030   Data   RO         2368    .constdata          uart.o
    0x00006e98   0x00000028   Data   RO         2634    .constdata          c_p.l(_printf_hex_int.o)
    0x00006ec0   0x00000080   Data   RO         2694    .constdata          fz_ps.l(ddiv.o)
    0x00006f40   0x00000088   Data   RO         2712    .constdata          m_ps.l(pow.o)
    0x00006fc8   0x00000008   Data   RO         2759    .constdata          m_ps.l(qnan.o)
    0x00006fd0   0x00000020   Data   RO         2946    Region$$Table       anon$$obj.o


    Execution Region RW_IRAM1 (Base: 0x20000000, Size: 0x000012e0, Max: 0x00004000, ABSOLUTE)

    Base Addr    Size         Type   Attr      Idx    E Section Name        Object

    0x20000000   0x00000008   Data   RW           15    .data               system_nano100series.o
    0x20000008   0x0000000c   Data   RW          166    .data               platform.o
    0x20000014   0x0000004c   Data   RW          373    .data               user_usart.o
    0x20000060   0x00000002   Data   RW          473    .data               w25q64.o
    0x20000062   0x00000001   Data   RW          582    .data               user_adc.o
    0x20000063   0x00000001   PAD
    0x20000064   0x0000000c   Data   RW          634    .data               main.o
    0x20000070   0x0000000c   Data   RW          702    .data               app.o
    0x2000007c   0x00000008   Data   RW         1755    .data               retarget.o
    0x20000084   0x00000038   Data   RW         1851    .data               rtc.o
    0x200000bc   0x00000090   Zero   RW          165    .bss                platform.o
    0x2000014c   0x00000014   Zero   RW          633    .bss                main.o
    0x20000160   0x00000020   Zero   RW          700    .bss                app.o
    0x20000180   0x00000060   Zero   RW         2803    .bss                c_p.l(libspace.o)
    0x200001e0   0x00000800   Zero   RW            2    HEAP                startup_nano100series.o
    0x200009e0   0x00000900   Zero   RW            1    STACK               startup_nano100series.o


==============================================================================

Image component sizes


      Code (inc. data)   RO Data    RW Data    ZI Data      Debug   Object Name

       196         18          0          0          0       1764   adc.o
      8552        368         79         12         32      11829   app.o
       580         60          0          0          0       4750   clk.o
       100          6          0          0          0       1770   gpio.o
         0          0          0          0          0     111180   i2c.o
       620         90          0         12         20     150233   main.o
      3320        314          0         12        144      51609   platform.o
       278        128          0          8          0       4857   retarget.o
       496         32          0         56          0       2375   rtc.o
       216         14          0          0          0       1949   spi.o
        96         46        192          0       4352        648   startup_nano100series.o
       252         34          0          8          0     119842   system_nano100series.o
       230         26         16          0          0       1588   timer.o
       214         14         48          0          0       1757   uart.o
      2756        172          0          1          0      10345   user_adc.o
       116         16          0          0          0        898   user_spi.o
       824        116          0         76          0       6789   user_usart.o
       760         30          0          2          0       4597   w25q64.o

    ----------------------------------------------------------------------
     19624       1484        368        188       4548     488780   Object Totals
         0          0         32          0          0          0   (incl. Generated)
        18          0          1          1          0          0   (incl. Padding)

    ----------------------------------------------------------------------

      Code (inc. data)   RO Data    RW Data    ZI Data      Debug   Library Member Name

         8          0          0          0          0         68   __main.o
       284          0          0          0          0        136   __printf_wp.o
         0          0          0          0          0          0   __rtentry.o
        12          0          0          0          0          0   __rtentry2.o
         6          0          0          0          0          0   __rtentry4.o
        60          8          0          0          0          0   __scatter.o
        26          0          0          0          0          0   __scatter_copy.o
        28          0          0          0          0          0   __scatter_zi.o
        48          6          0          0          0         88   _printf_char_common.o
        40          6          0          0          0         72   _printf_char_file.o
        88          4         40          0          0         72   _printf_hex_int.o
       176          0          0          0          0         84   _printf_intcommon.o
         2          0          0          0          0          0   _printf_percent.o
         4          0          0          0          0          0   _printf_percent_end.o
        10          0          0          0          0          0   _printf_x.o
        22          0          0          0          0         92   _rserrno.o
       346          0          0          0          0         92   aeabi_sdiv.o
        12          0          0          0          0         64   exit.o
         6          0          0          0          0        136   heapauxi.o
         0          0          0          0          0          0   indicate_semi.o
         2          0          0          0          0          0   libinit.o
         2          0          0          0          0          0   libinit2.o
         2          0          0          0          0          0   libshutdown.o
         2          0          0          0          0          0   libshutdown2.o
         8          4          0          0         96         68   libspace.o
        28          6          0          0          0         84   noretval__2printf.o
         8          4          0          0          0         68   rt_errno_addr_intlibspace.o
        64          0          0          0          0        108   rt_memclr.o
        56          0          0          0          0         68   rt_memcpy.o
         2          0          0          0          0          0   rtexit.o
        10          0          0          0          0          0   rtexit2.o
       108          4          0          0          0         76   strncpy.o
        12          4          0          0          0         60   sys_exit.o
        62          0          0          0          0         80   sys_stackheap_outer.o
         2          0          0          0          0         68   use_no_semi.o
        48          4          0          0          0         60   cmpret.o
       124          4          0          0          0         72   d2f.o
       856         20          0          0          0        208   daddsub.o
       144          4          0          0          0         76   dcmpin.o
      1096         26        128          0          0        112   ddiv.o
        72          4          0          0          0         68   dfixui.o
        88          0          0          0          0         92   dflti.o
       100          4          0          0          0         92   dlef.o
       584         26          0          0          0         84   dmul.o
        20          6          0          0          0         68   dnan2.o
       104          4          0          0          0        104   drlef.o
        96         12          0          0          0         72   dscalbn.o
       256          8          0          0          0         76   dsqrt.o
        84          4          0          0          0         60   f2d.o
        48          0          0          0          0         60   ffixui.o
       176          4          0          0          0         80   fmul.o
        94          0          0          0          0         68   retnan.o
         0          0          0          0          0          0   usenofp.o
        84         14          0          0          0        340   dunder.o
        44          4          0          0          0         60   fpclassify.o
       172          0          0          0          0         76   poly.o
      2432        202        136          0          0        208   pow.o
         0          0          8          0          0          0   qnan.o
        72          6          0          0          0         76   sqrt.o

    ----------------------------------------------------------------------
      8352        402        312          0         96       3796   Library Totals
        12          0          0          0          0          0   (incl. Padding)

    ----------------------------------------------------------------------

      Code (inc. data)   RO Data    RW Data    ZI Data      Debug   Library Name

      1546         46         40          0         96       1584   c_p.l
      3990        130        128          0          0       1452   fz_ps.l
      2804        226        144          0          0        760   m_ps.l

    ----------------------------------------------------------------------
      8352        402        312          0         96       3796   Library Totals

    ----------------------------------------------------------------------

==============================================================================


      Code (inc. data)   RO Data    RW Data    ZI Data      Debug   

     27976       1886        680        188       4644     486576   Grand Totals
     27976       1886        680        188       4644     486576   ELF Image Totals
     27976       1886        680        188          0          0   ROM Totals

==============================================================================

    Total RO  Size (Code + RO Data)                28656 (  27.98kB)
    Total RW  Size (RW Data + ZI Data)              4832 (   4.72kB)
    Total ROM Size (Code + RO Data + RW Data)      28844 (  28.17kB)

==============================================================================

